Microchip MPLAB XC8 Compiler V2.40

Linker command line:

-W-3 \
  --edf=C:\Program Files\Microchip\xc8\v2.40\pic\dat\20220703182018_en.msgs \
  -cn -h+dist/default/production\LABORATORIO02.X.production.sym \
  --cmf=dist/default/production\LABORATORIO02.X.production.cmf -z -Q16F887 \
  -oC:\Users\carlo\AppData\Local\Temp\xcAsqi4.4 --defsym=__MPLAB_BUILD=1 \
  --fixupoverflow=error \
  -Mdist/default/production/LABORATORIO02.X.production.map \
  --md=C:\Users\carlo\AppData\Local\Temp\xcAsqi4.dat -E1 -ver=XC8 Compiler \
  --acfsm=1493 -ACODE=00h-07FFhx4 -ASTRCODE=00h-01FFFh -ASTRING=00h-0FFhx32 \
  -ACONST=00h-0FFhx32 -AENTRY=00h-0FFhx32 -ACOMMON=070h-07Fh \
  -ABANK0=020h-06Fh -ABANK1=0A0h-0EFh -ABANK2=0110h-016Fh \
  -ABANK3=0190h-01EFh -ARAM=020h-06Fh,0A0h-0EFh,0110h-016Fh,0190h-01EFh \
  -AABS1=020h-07Fh,0A0h-0EFh,0110h-016Fh,0190h-01EFh -ASFR0=00h-01Fh \
  -ASFR1=080h-09Fh -ASFR2=0100h-010Fh -ASFR3=0180h-018Fh \
  -ACONFIG=02007h-02008h -DCONFIG=2 -AIDLOC=02000h-02003h -DIDLOC=2 \
  -AEEDATA=00h-0FFh/02100h -peeprom_data=EEDATA -DEEDATA=2 -DCODE=2 \
  -DSTRCODE=2 -DSTRING=2 -DCONST=2 -DENTRY=2 \
  -preset_vec=00h,intentry=04h,init,end_init -ppowerup=CODE -pcinit=CODE \
  -pfunctab=ENTRY -k C:\Users\carlo\AppData\Local\Temp\xcAsqi4.o \
  dist/default/production\LABORATORIO02.X.production.o 

Object code version is 3.11

Machine type is 16F887



                Name                               Link     Load   Length Selector   Space Scale
C:\Users\carlo\AppData\Local\Temp\xcAsqi4.o
                end_init                              C        C        3        8       0
                reset_vec                             0        0        3        0       0
                config                             2007     2007        2        0       4
                idloc                              2000     2000        4        0       5
dist/default/production\LABORATORIO02.X.production.o
                cinit                                 F        F        E        8       0
                intentry                              4        4        8        8       0
                config                             2007     2007        2        0       4
                idloc                              2000     2000        4        0       5
                text38                             187F     187F        4     30FE       0
                text37                             1D1D     1D1D       6C     3A3A       0
                text36                             19D1     19D1       3E     33A2       0
                text35                             18E6     18E6       1A     31CC       0
                text34                             1883     1883        7     3106       0
                text33                             1BE8     1BE8       64     37D0       0
                text32                             1900     1900       20     3200       0
                text31                             18B9     18B9       16     3172       0
                text30                             1A53     1A53       46     34A6       0
                text29                             1892     1892        A     3124       0
                text28                              800      800        7      FB2       0
                text27                             1920     1920       21     3240       0
                text26                             1E2D     1E2D      1D3     3C5A       0
                text25                             1003     1003       78     2006       0
                text24                              666      666       BA        8       0
                text23                              807      807       99     100E       0
                text22                             1966     1966       2F     32CC       0
                text21                             18CF     18CF       17     319E       0
                text20                             1A99     1A99       50     3532       0
                text19                             1D89     1D89       A4     3B12       0
                text18                             189C     189C        B     3138       0
                text17                             133F     133F      258     267E       0
                text16                             1AE9     1AE9       50     35D2       0
                text15                             1C4C     1C4C       68     3898       0
                text14                             1B39     1B39       56     3672       0
                text13                             1941     1941       25     3282       0
                text12                              8A0      8A0       B8     1140       0
                text11                             107B     107B       B7     20F6       0
                text10                              7D9      7D9       27      FB2       0
                text9                               958      958      345     12B0       0
                text8                              1A0F     1A0F       44     341E       0
                text7                              1995     1995       3C     332A       0
                text6                              1132     1132      20D     2264       0
                text5                              18A7     18A7       12     314E       0
                text4                              1CB4     1CB4       69     3968       0
                text3                              1B8F     1B8F       59     371E       0
                text2                               C9D      C9D      363     193A       0
                text1                                1D       1D      649        8       0
                maintext                           1597     1597      269     2B2E       0
                cstackBANK0                          20       20       4F       20       1
                cstackCOMMON                         70       70        B       70       1
                cstackBANK1                          A0       A0       2A       A0       1
                clrtext                            188A     188A        8     3114       0
                bssBANK1                             CA       CA       25       A0       1
                bssCOMMON                            7B       7B        1       70       1
                strings                             720      720       B9      E40       0

TOTAL           Name                               Link     Load   Length     Space
        CLASS   CODE           
                end_init                              C        C        3         0
                cinit                                 F        F        E         0
                intentry                              4        4        8         0
                reset_vec                             0        0        3         0
                text38                             187F     187F        4         0
                text37                             1D1D     1D1D       6C         0
                text36                             19D1     19D1       3E         0
                text35                             18E6     18E6       1A         0
                text34                             1883     1883        7         0
                text33                             1BE8     1BE8       64         0
                text32                             1900     1900       20         0
                text31                             18B9     18B9       16         0
                text30                             1A53     1A53       46         0
                text29                             1892     1892        A         0
                text28                              800      800        7         0
                text27                             1920     1920       21         0
                text26                             1E2D     1E2D      1D3         0
                text25                             1003     1003       78         0
                text24                              666      666       BA         0
                text23                              807      807       99         0
                text22                             1966     1966       2F         0
                text21                             18CF     18CF       17         0
                text20                             1A99     1A99       50         0
                text19                             1D89     1D89       A4         0
                text18                             189C     189C        B         0
                text17                             133F     133F      258         0
                text16                             1AE9     1AE9       50         0
                text15                             1C4C     1C4C       68         0
                text14                             1B39     1B39       56         0
                text13                             1941     1941       25         0
                text12                              8A0      8A0       B8         0
                text11                             107B     107B       B7         0
                text10                              7D9      7D9       27         0
                text9                               958      958      345         0
                text8                              1A0F     1A0F       44         0
                text7                              1995     1995       3C         0
                text6                              1132     1132      20D         0
                text5                              18A7     18A7       12         0
                text4                              1CB4     1CB4       69         0
                text3                              1B8F     1B8F       59         0
                text2                               C9D      C9D      363         0
                text1                                1D       1D      649         0
                maintext                           1597     1597      269         0
                clrtext                            188A     188A        8         0

        CLASS   STRCODE        

        CLASS   STRING         
                strings                             720      720       B9         0

        CLASS   CONST          

        CLASS   ENTRY          

        CLASS   COMMON         
                cstackCOMMON                         70       70        B         1
                bssCOMMON                            7B       7B        1         1

        CLASS   BANK0          
                cstackBANK0                          20       20       4F         1

        CLASS   BANK1          
                cstackBANK1                          A0       A0       2A         1
                bssBANK1                             CA       CA       25         1

        CLASS   BANK2          

        CLASS   BANK3          

        CLASS   RAM            

        CLASS   ABS1           
                abs_s1                               7E       7E        2         1

        CLASS   SFR0           

        CLASS   SFR1           

        CLASS   SFR2           

        CLASS   SFR3           

        CLASS   CONFIG         
                config                             2007     2007        2         4

        CLASS   IDLOC          
                idloc                              2000     2000        4         5

        CLASS   EEDATA         

        CLASS   STACK          



SEGMENTS        Name                           Load    Length   Top    Selector   Space  Class     Delta

                reset_vec                      000000  000003  000003         0       0  CODE        2
                intentry                       000004  00071C  000720         8       0  CODE        2
                cstackBANK0                    000020  00004F  00006F        20       1  BANK0       1
                cstackCOMMON                   000070  00000C  00007C        70       1  COMMON      1
                cstackBANK1                    0000A0  00004F  0000EF        A0       1  BANK1       1
                strings                        000720  0000B9  0007D9       E40       0  STRING      2
                text10                         0007D9  00002E  000807       FB2       0  CODE        2
                text23                         000807  000099  0008A0      100E       0  CODE        2
                text12                         0008A0  0000B8  000958      1140       0  CODE        2
                text9                          000958  000345  000C9D      12B0       0  CODE        2
                text2                          000C9D  000363  001000      193A       0  CODE        2
                text25                         001003  000078  00107B      2006       0  CODE        2
                text11                         00107B  0000B7  001132      20F6       0  CODE        2
                text6                          001132  00020D  00133F      2264       0  CODE        2
                text17                         00133F  000258  001597      267E       0  CODE        2
                maintext                       001597  000269  001800      2B2E       0  CODE        2
                text38                         00187F  000004  001883      30FE       0  CODE        2
                text34                         001883  000007  00188A      3106       0  CODE        2
                clrtext                        00188A  000008  001892      3114       0  CODE        2
                text29                         001892  00000A  00189C      3124       0  CODE        2
                text18                         00189C  00000B  0018A7      3138       0  CODE        2
                text5                          0018A7  000012  0018B9      314E       0  CODE        2
                text31                         0018B9  000016  0018CF      3172       0  CODE        2
                text21                         0018CF  000017  0018E6      319E       0  CODE        2
                text35                         0018E6  00001A  001900      31CC       0  CODE        2
                text32                         001900  000020  001920      3200       0  CODE        2
                text27                         001920  000021  001941      3240       0  CODE        2
                text13                         001941  000025  001966      3282       0  CODE        2
                text22                         001966  00002F  001995      32CC       0  CODE        2
                text7                          001995  00003C  0019D1      332A       0  CODE        2
                text36                         0019D1  00003E  001A0F      33A2       0  CODE        2
                text8                          001A0F  000044  001A53      341E       0  CODE        2
                text30                         001A53  000046  001A99      34A6       0  CODE        2
                text20                         001A99  000050  001AE9      3532       0  CODE        2
                text16                         001AE9  000050  001B39      35D2       0  CODE        2
                text14                         001B39  000056  001B8F      3672       0  CODE        2
                text3                          001B8F  000059  001BE8      371E       0  CODE        2
                text33                         001BE8  000064  001C4C      37D0       0  CODE        2
                text15                         001C4C  000068  001CB4      3898       0  CODE        2
                text4                          001CB4  000069  001D1D      3968       0  CODE        2
                text37                         001D1D  00006C  001D89      3A3A       0  CODE        2
                text19                         001D89  0000A4  001E2D      3B12       0  CODE        2
                text26                         001E2D  0001D3  002000      3C5A       0  CODE        2


UNUSED ADDRESS RANGES

        Name                Unused          Largest block    Delta
        BANK0            006F-006F              1           1
        BANK1            00EF-00EF              1           1
        BANK2            0110-016F             60           1
        BANK3            0190-01EF             60           1
        CODE             0003-0003              1           2
                         1000-1002              3
                         1800-187E             7F
        COMMON           007C-007D              2           1
        CONST            0003-0003              1           2
                         1000-1002              3
                         1800-187E             7F
        EEDATA           2100-21FF            100           2
        ENTRY            0003-0003              1           2
                         1000-1002              3
                         1800-187E             7F
        RAM              006F-006F              1           1
                         00EF-00EF              1
                         0110-016F             60
                         0190-01EF             60
        SFR0             0000-001F             20           1
        SFR1             0080-009F             20           1
        SFR2             0100-010F             10           1
        SFR3             0180-018F             10           1
        STRCODE          0003-0003              1           2
                         1000-1002              3
                         1800-187E             7F
        STRING           0003-0003              1           2
                         1000-1002              3
                         1800-187E             7F

                                  Symbol Table

?__Umul8_16               cstackCOMMON 0072
?___awdiv                 cstackBANK0  0020
?___awmod                 cstackCOMMON 0072
?___fladd                 cstackBANK0  0056
?___fldiv                 cstackBANK0  0042
?___flmul                 cstackBANK0  0028
?___flneg                 cstackCOMMON 0072
?___flsub                 cstackBANK1  00A0
?___fltol                 cstackBANK0  0055
?___lldiv                 cstackCOMMON 0072
?___llmod                 cstackCOMMON 0072
?___lwdiv                 cstackCOMMON 0072
?___lwmod                 cstackBANK0  0020
?___wmul                  cstackCOMMON 0072
?___xxtofl                cstackCOMMON 0072
?__div_to_l_              cstackCOMMON 0072
?__tdiv_to_l_             cstackCOMMON 0072
?_fround                  cstackBANK0  0042
?_readADC                 cstackBANK0  005F
?_scale                   cstackBANK0  0042
?_sprintf                 cstackBANK0  006A
Lcd_Cmd@a                 cstackCOMMON 0075
Lcd_Port@a                cstackCOMMON 0072
Lcd_Set_Cursor@a          cstackCOMMON 0077
Lcd_Set_Cursor@b          cstackCOMMON 0076
Lcd_Set_Cursor@temp       cstackCOMMON 0078
Lcd_Write_Char@a          cstackCOMMON 0074
Lcd_Write_String@a        cstackCOMMON 0075
Lcd_Write_String@i        cstackBANK0  0020
UART_RX_config@baudrate   cstackCOMMON 0072
UART_TX_config@baudrate   cstackCOMMON 0072
UART_write_char@character cstackCOMMON 0073
_ADC1                     bssBANK1     00EB
_ADC2                     bssBANK1     00E7
_ADCON0bits               (abs)        001F
_ADCON1bits               (abs)        009F
_ADC_Voltaje              bssBANK1     00CA
_ADRESH                   (abs)        001E
_ANSEL                    (abs)        0188
_ANSELH                   (abs)        0189
_INTCONbits               (abs)        000B
_Lcd_Clear                text34       1883
_Lcd_Cmd                  text35       18E6
_Lcd_Init                 text33       1BE8
_Lcd_Port                 text36       19D1
_Lcd_Set_Cursor           text32       1900
_Lcd_Write_Char           text31       18B9
_Lcd_Write_String         text30       1A53
_OPTION_REGbits           (abs)        0081
_OSCCONbits               (abs)        008F
_PIE1bits                 (abs)        008C
_PIR1bits                 (abs)        000C
_PORTA                    (abs)        0005
_PORTB                    (abs)        0006
_PORTBbits                (abs)        0006
_PORTC                    (abs)        0007
_PORTD                    (abs)        0008
_PORTDbits                (abs)        0008
_PORTE                    (abs)        0009
_RCREG                    (abs)        001A
_RCSTAbits                (abs)        0018
_RD1                      (abs)        0041
_RD2                      (abs)        0042
_RD3                      (abs)        0043
_RD4                      (abs)        0044
_RD5                      (abs)        0045
_RD6                      (abs)        0046
_RD7                      (abs)        0047
_SPBRG                    (abs)        0099
_TMR0                     (abs)        0001
_TRISA                    (abs)        0085
_TRISB                    (abs)        0086
_TRISC                    (abs)        0087
_TRISD                    (abs)        0088
_TRISE                    (abs)        0089
_TXIF                     (abs)        0064
_TXREG                    (abs)        0019
_TXSTAbits                (abs)        0098
_UART_RX_config           text29       1892
_UART_TX_config           text28       0800
_UART_read_char           text38       187F
_UART_write_char          text27       1920
_VOLTAJE1                 bssBANK1     00D6
_VOLTAJE2                 bssBANK1     00D2
__Habs1                   abs1         0000
__Hbank0                  bank0        0000
__Hbank1                  bank1        0000
__Hbank2                  bank2        0000
__Hbank3                  bank3        0000
__HbssBANK1               bssBANK1     0000
__HbssCOMMON              bssCOMMON    0000
__Hcinit                  cinit        001D
__Hclrtext                clrtext      0000
__Hcode                   code         0000
__Hcommon                 common       0000
__Hconfig                 config       2009
__HcstackBANK0            cstackBANK0  0000
__HcstackBANK1            cstackBANK1  0000
__HcstackCOMMON           cstackCOMMON 0000
__Heeprom_data            eeprom_data  0000
__Hend_init               end_init     000F
__Hfunctab                functab      0000
__Hidloc                  idloc        2004
__Hinit                   init         000C
__Hintentry               intentry     000C
__Hmaintext               maintext     0000
__Hpowerup                powerup      0000
__Hram                    ram          0000
__Hreset_vec              reset_vec    0003
__Hsfr0                   sfr0         0000
__Hsfr1                   sfr1         0000
__Hsfr2                   sfr2         0000
__Hsfr3                   sfr3         0000
__Hspace_0                (abs)        2000
__Hspace_1                (abs)        00EF
__Hspace_2                (abs)        0000
__Hspace_3                (abs)        0000
__Hspace_4                (abs)        4010
__Hstack                  stack        0000
__Hstrings                strings      0000
__Htext                   text         0000
__Labs1                   abs1         0000
__Lbank0                  bank0        0000
__Lbank1                  bank1        0000
__Lbank2                  bank2        0000
__Lbank3                  bank3        0000
__LbssBANK1               bssBANK1     0000
__LbssCOMMON              bssCOMMON    0000
__Lcinit                  cinit        000F
__Lclrtext                clrtext      0000
__Lcode                   code         0000
__Lcommon                 common       0000
__Lconfig                 config       0000
__LcstackBANK0            cstackBANK0  0000
__LcstackBANK1            cstackBANK1  0000
__LcstackCOMMON           cstackCOMMON 0000
__Leeprom_data            eeprom_data  0000
__Lend_init               end_init     000C
__Lfunctab                functab      0000
__Lidloc                  idloc        0000
__Linit                   init         000C
__Lintentry               intentry     0004
__Lmaintext               maintext     0000
__Lpowerup                powerup      0000
__Lram                    ram          0000
__Lreset_vec              reset_vec    0000
__Lsfr0                   sfr0         0000
__Lsfr1                   sfr1         0000
__Lsfr2                   sfr2         0000
__Lsfr3                   sfr3         0000
__Lspace_0                (abs)        0000
__Lspace_1                (abs)        0000
__Lspace_2                (abs)        0000
__Lspace_3                (abs)        0000
__Lspace_4                (abs)        0000
__Lstack                  stack        0000
__Lstrings                strings      0000
__Ltext                   text         0000
__S0                      (abs)        2000
__S1                      (abs)        00EF
__S3                      (abs)        0000
__Umul8_16                text10       07D9
__Umul8_16@multiplicand   cstackCOMMON 0072
__Umul8_16@multiplier     cstackCOMMON 007A
__Umul8_16@product        cstackCOMMON 0076
__Umul8_16@word_mpld      cstackCOMMON 0078
___awdiv                  text4        1CB4
___awdiv@counter          cstackBANK0  0024
___awdiv@dividend         cstackBANK0  0022
___awdiv@divisor          cstackBANK0  0020
___awdiv@quotient         cstackBANK0  0026
___awdiv@sign             cstackBANK0  0025
___awmod                  text3        1B8F
___awmod@counter          cstackCOMMON 0077
___awmod@dividend         cstackCOMMON 0074
___awmod@divisor          cstackCOMMON 0072
___awmod@sign             cstackCOMMON 0078
___fladd                  text17       133F
___fladd@a                cstackBANK0  005A
___fladd@aexp             cstackBANK0  0067
___fladd@b                cstackBANK0  0056
___fladd@bexp             cstackBANK0  0068
___fladd@grs              cstackBANK0  0069
___fladd@signs            cstackBANK0  0066
___fldiv                  text26       1E2D
___fldiv@a                cstackBANK0  0042
___fldiv@aexp             cstackBANK0  005B
___fldiv@b                cstackBANK0  0046
___fldiv@bexp             cstackBANK0  005A
___fldiv@grs              cstackBANK0  0056
___fldiv@new_exp          cstackBANK0  0054
___fldiv@rem              cstackBANK0  004F
___fldiv@sign             cstackBANK0  0053
___fleq                   text20       1A99
___fleq@ff1               cstackCOMMON 0072
___fleq@ff2               cstackCOMMON 0076
___flge                   text19       1D89
___flge@ff1               cstackCOMMON 0072
___flge@ff2               cstackCOMMON 0076
___flmul                  text9        0958
___flmul@a                cstackBANK0  002C
___flmul@aexp             cstackBANK0  003A
___flmul@b                cstackBANK0  0028
___flmul@bexp             cstackBANK0  003B
___flmul@grs              cstackBANK0  0036
___flmul@prod             cstackBANK0  003C
___flmul@sign             cstackBANK0  0035
___flmul@temp             cstackBANK0  0040
___flneg                  text18       189C
___flneg@f1               cstackCOMMON 0072
___flsub                  text16       1AE9
___flsub@a                cstackBANK1  00A0
___flsub@b                cstackBANK1  00A4
___fltol                  text25       1003
___fltol@exp1             cstackBANK0  005E
___fltol@f1               cstackBANK0  0055
___fltol@sign1            cstackBANK0  005D
___int_sp                 stack        0000
___latbits                (abs)        0002
___lldiv                  text15       1C4C
___lldiv@counter          cstackBANK0  0024
___lldiv@dividend         cstackCOMMON 0076
___lldiv@divisor          cstackCOMMON 0072
___lldiv@quotient         cstackBANK0  0020
___llmod                  text14       1B39
___llmod@counter          cstackBANK0  0020
___llmod@dividend         cstackCOMMON 0076
___llmod@divisor          cstackCOMMON 0072
___lwdiv                  text8        1A0F
___lwdiv@counter          cstackCOMMON 0079
___lwdiv@dividend         cstackCOMMON 0074
___lwdiv@divisor          cstackCOMMON 0072
___lwdiv@quotient         cstackCOMMON 0077
___lwmod                  text7        1995
___lwmod@counter          cstackBANK0  0024
___lwmod@dividend         cstackBANK0  0022
___lwmod@divisor          cstackBANK0  0020
___sp                     stack        0000
___stackhi                (abs)        0000
___stacklo                (abs)        0000
___wmul                   text13       1941
___wmul@multiplicand      cstackCOMMON 0074
___wmul@multiplier        cstackCOMMON 0072
___wmul@product           cstackCOMMON 0076
___xxtofl                 text24       0666
___xxtofl@arg             cstackBANK0  0022
___xxtofl@exp             cstackBANK0  0021
___xxtofl@sign            cstackBANK0  0020
___xxtofl@val             cstackCOMMON 0072
__div_to_l_               text12       08A0
__div_to_l_@cntr          cstackBANK0  0024
__div_to_l_@exp1          cstackBANK0  0025
__div_to_l_@f1            cstackCOMMON 0072
__div_to_l_@f2            cstackCOMMON 0076
__div_to_l_@quot          cstackBANK0  0020
__end_of_Lcd_Clear        text34       188A
__end_of_Lcd_Cmd          text35       1900
__end_of_Lcd_Init         text33       1C4C
__end_of_Lcd_Port         text36       1A0F
__end_of_Lcd_Set_Cursor   text32       1920
__end_of_Lcd_Write_Char   text31       18CF
__end_of_Lcd_Write_String text30       1A99
__end_of_UART_RX_config   text29       189C
__end_of_UART_TX_config   text28       0807
__end_of_UART_read_char   text38       1883
__end_of_UART_write_char  text27       1941
__end_of__Umul8_16        text10       0800
__end_of___awdiv          text4        1D1D
__end_of___awmod          text3        1BE8
__end_of___fladd          text17       1597
__end_of___fldiv          text26       2000
__end_of___fleq           text20       1AE9
__end_of___flge           text19       1E2D
__end_of___flmul          text9        0C9D
__end_of___flneg          text18       18A7
__end_of___flsub          text16       1B39
__end_of___fltol          text25       107B
__end_of___lldiv          text15       1CB4
__end_of___llmod          text14       1B8F
__end_of___lwdiv          text8        1A53
__end_of___lwmod          text7        19D1
__end_of___wmul           text13       1966
__end_of___xxtofl         text24       0720
__end_of__div_to_l_       text12       0958
__end_of__initialization  cinit        0019
__end_of__npowers_        strings      0798
__end_of__powers_         strings      0764
__end_of__stringtab       strings      0730
__end_of__tdiv_to_l_      text11       1132
__end_of_dpowers          strings      07C0
__end_of_fround           text6        133F
__end_of_isdigit          text5        18B9
__end_of_isr              text37       1D89
__end_of_main             maintext     1800
__end_of_readADC          text23       08A0
__end_of_scale            text2        1000
__end_of_setup            text22       1995
__end_of_setupADC         text21       18E6
__end_of_sprintf          text1        0666
__initialization          cinit        000F
__npowers_                strings      0764
__pbssBANK1               bssBANK1     00CA
__pbssCOMMON              bssCOMMON    007B
__pcstackBANK0            cstackBANK0  0020
__pcstackBANK1            cstackBANK1  00A0
__pcstackCOMMON           cstackCOMMON 0070
__pintentry               intentry     0004
__pmaintext               maintext     1597
__powers_                 strings      0730
__pstrings                strings      0720
__ptext1                  text1        001D
__ptext10                 text10       07D9
__ptext11                 text11       107B
__ptext12                 text12       08A0
__ptext13                 text13       1941
__ptext14                 text14       1B39
__ptext15                 text15       1C4C
__ptext16                 text16       1AE9
__ptext17                 text17       133F
__ptext18                 text18       189C
__ptext19                 text19       1D89
__ptext2                  text2        0C9D
__ptext20                 text20       1A99
__ptext21                 text21       18CF
__ptext22                 text22       1966
__ptext23                 text23       0807
__ptext24                 text24       0666
__ptext25                 text25       1003
__ptext26                 text26       1E2D
__ptext27                 text27       1920
__ptext28                 text28       0800
__ptext29                 text29       1892
__ptext3                  text3        1B8F
__ptext30                 text30       1A53
__ptext31                 text31       18B9
__ptext32                 text32       1900
__ptext33                 text33       1BE8
__ptext34                 text34       1883
__ptext35                 text35       18E6
__ptext36                 text36       19D1
__ptext37                 text37       1D1D
__ptext38                 text38       187F
__ptext4                  text4        1CB4
__ptext5                  text5        18A7
__ptext6                  text6        1132
__ptext7                  text7        1995
__ptext8                  text8        1A0F
__ptext9                  text9        0958
__stringbase              strings      072F
__stringtab               strings      0720
__tdiv_to_l_              text11       107B
__tdiv_to_l_@cntr         cstackBANK0  0027
__tdiv_to_l_@exp1         cstackBANK0  0028
__tdiv_to_l_@f1           cstackCOMMON 0072
__tdiv_to_l_@f2           cstackCOMMON 0076
__tdiv_to_l_@quot         cstackBANK0  0023
_cont                     bssBANK1     00DE
_dpowers                  strings      0798
_fround                   text6        1132
_fround$1270              cstackBANK0  0051
_fround$1271              cstackBANK0  004D
_hundreds                 bssBANK1     00E6
_isdigit                  text5        18A7
_isdigit$1087             cstackCOMMON 0072
_isr                      text37       1D1D
_main                     maintext     1597
_main$1269                cstackBANK1  00C6
_ones                     bssBANK1     00E4
_readADC                  text23       0807
_scale                    text2        0C9D
_scale$1272               cstackBANK0  0050
_setup                    text22       1966
_setupADC                 text21       18CF
_signo                    bssCOMMON    007B
_sprintf                  text1        001D
_sprintf$1273             cstackBANK1  00AD
_tens                     bssBANK1     00E5
_valorADC                 bssBANK1     00DA
btemp                     (abs)        007E
clear_ram0                clrtext      188A
end_of_initialization     cinit        0019
fround@prec               cstackBANK0  0055
interrupt_function        intentry     0004
intlevel0                 functab      0000
intlevel1                 functab      0000
intlevel2                 functab      0000
intlevel3                 functab      0000
intlevel4                 functab      0000
intlevel5                 functab      0000
isdigit@c                 cstackCOMMON 0073
readADC@canal             cstackBANK0  005F
reset_vec                 reset_vec    0000
saved_w                   (abs)        007E
scale@scl                 cstackBANK0  0054
sprintf@ap                cstackBANK1  00B1
sprintf@c                 cstackBANK1  00C5
sprintf@eexp              cstackBANK1  00B8
sprintf@f                 cstackBANK0  006A
sprintf@flag              cstackBANK1  00B2
sprintf@fval              cstackBANK1  00C1
sprintf@prec              cstackBANK1  00BF
sprintf@sp                cstackBANK1  00BE
sprintf@tmpval            cstackBANK1  00BA
sprintf@val               cstackBANK1  00B4
start                     init         000C
start_initialization      cinit        000F
wtemp0                    (abs)        007E


MODULE INFORMATION

Module		Function		Class		Link	Load	Size
C:\Program Files\Microchip\xc8\v2.40\pic\sources\c90\common\fltol.c
		___fltol       		CODE           	1003	0000	120

C:\Program Files\Microchip\xc8\v2.40\pic\sources\c90\common\fltol.c estimated size: 120

uart.c
		_UART_TX_config		CODE           	0800	0000	7
		_UART_write_char		CODE           	1920	0000	33
		_UART_read_char		CODE           	187F	0000	4
		_UART_RX_config		CODE           	1892	0000	10

uart.c estimated size: 54

C:\Program Files\Microchip\xc8\v2.40\pic\sources\c90\common\awdiv.c
		___awdiv       		CODE           	1CB4	0000	105

C:\Program Files\Microchip\xc8\v2.40\pic\sources\c90\common\awdiv.c estimated size: 105

C:\Program Files\Microchip\xc8\v2.40\pic\sources\c90\common\sprcmul.c
		___flmul       		CODE           	0958	0000	837

C:\Program Files\Microchip\xc8\v2.40\pic\sources\c90\common\sprcmul.c estimated size: 837

C:\Program Files\Microchip\xc8\v2.40\pic\sources\c90\common\__lldiv.c
		___lldiv       		CODE           	1C4C	0000	104

C:\Program Files\Microchip\xc8\v2.40\pic\sources\c90\common\__lldiv.c estimated size: 104

C:\Program Files\Microchip\xc8\v2.40\pic\sources\c90\common\flneg.c
		___flneg       		CODE           	189C	0000	11

C:\Program Files\Microchip\xc8\v2.40\pic\sources\c90\common\flneg.c estimated size: 11

C:\Program Files\Microchip\xc8\v2.40\pic\sources\c90\common\sprcdiv.c
		___fldiv       		CODE           	1E2D	0000	467

C:\Program Files\Microchip\xc8\v2.40\pic\sources\c90\common\sprcdiv.c estimated size: 467

C:\Program Files\Microchip\xc8\v2.40\pic\sources\c90\common\fleq.c
		___fleq        		CODE           	1A99	0000	80

C:\Program Files\Microchip\xc8\v2.40\pic\sources\c90\common\fleq.c estimated size: 80

C:\Program Files\Microchip\xc8\v2.40\pic\sources\c90\common\Umul8_16.c
		__Umul8_16     		CODE           	07D9	0000	39

C:\Program Files\Microchip\xc8\v2.40\pic\sources\c90\common\Umul8_16.c estimated size: 39

adc.c
		_readADC       		CODE           	0807	0000	153
		_setupADC      		CODE           	18CF	0000	23

adc.c estimated size: 176

C:\Program Files\Microchip\xc8\v2.40\pic\sources\c90\common\doprnt.c
		_scale         		CODE           	0C9D	0000	867
		_sprintf       		CODE           	001D	0000	1609
		_fround        		CODE           	1132	0000	525

C:\Program Files\Microchip\xc8\v2.40\pic\sources\c90\common\doprnt.c estimated size: 3001

C:\Program Files\Microchip\xc8\v2.40\pic\sources\c90\common\ftdivl.c
		__tdiv_to_l_   		CODE           	107B	0000	183

C:\Program Files\Microchip\xc8\v2.40\pic\sources\c90\common\ftdivl.c estimated size: 183

C:\Program Files\Microchip\xc8\v2.40\pic\sources\c90\common\Umul16.c
		___wmul        		CODE           	1941	0000	37

C:\Program Files\Microchip\xc8\v2.40\pic\sources\c90\common\Umul16.c estimated size: 37

C:\Program Files\Microchip\xc8\v2.40\pic\sources\c90\common\lwmod.c
		___lwmod       		CODE           	1995	0000	60

C:\Program Files\Microchip\xc8\v2.40\pic\sources\c90\common\lwmod.c estimated size: 60

shared
		__stringtab    		STRING         	0720	0000	16
		__powers_      		STRING         	0730	0000	52
		_dpowers       		STRING         	0798	0000	40
		__npowers_     		STRING         	0764	0000	52
		__initialization		CODE           	000F	0000	10

shared estimated size: 170

C:\Program Files\Microchip\xc8\v2.40\pic\sources\c90\common\llmod.c
		___llmod       		CODE           	1B39	0000	86

C:\Program Files\Microchip\xc8\v2.40\pic\sources\c90\common\llmod.c estimated size: 86

C:\Program Files\Microchip\xc8\v2.40\pic\sources\c90\common\isdigit.c
		_isdigit       		CODE           	18A7	0000	18

C:\Program Files\Microchip\xc8\v2.40\pic\sources\c90\common\isdigit.c estimated size: 18

C:\Program Files\Microchip\xc8\v2.40\pic\sources\c90\common\sprcadd.c
		___flsub       		CODE           	1AE9	0000	80
		___fladd       		CODE           	133F	0000	600

C:\Program Files\Microchip\xc8\v2.40\pic\sources\c90\common\sprcadd.c estimated size: 680

C:\Program Files\Microchip\xc8\v2.40\pic\sources\c90\common\awmod.c
		___awmod       		CODE           	1B8F	0000	89

C:\Program Files\Microchip\xc8\v2.40\pic\sources\c90\common\awmod.c estimated size: 89

C:\Program Files\Microchip\xc8\v2.40\pic\sources\c90\common\flge.c
		___flge        		CODE           	1D89	0000	164

C:\Program Files\Microchip\xc8\v2.40\pic\sources\c90\common\flge.c estimated size: 164

main.c
		_main          		CODE           	1597	0000	617
		_isr           		CODE           	1D1D	0000	108
		_setup         		CODE           	1966	0000	47

main.c estimated size: 772

C:\Program Files\Microchip\xc8\v2.40\pic\sources\c90\common\fldivl.c
		__div_to_l_    		CODE           	08A0	0000	184

C:\Program Files\Microchip\xc8\v2.40\pic\sources\c90\common\fldivl.c estimated size: 184

C:\Program Files\Microchip\xc8\v2.40\pic\sources\c90\common\lwdiv.c
		___lwdiv       		CODE           	1A0F	0000	68

C:\Program Files\Microchip\xc8\v2.40\pic\sources\c90\common\lwdiv.c estimated size: 68

C:\Program Files\Microchip\xc8\v2.40\pic\sources\c90\common\xxtofl.c
		___xxtofl      		CODE           	0666	0000	186

C:\Program Files\Microchip\xc8\v2.40\pic\sources\c90\common\xxtofl.c estimated size: 186

LCD.c
		_Lcd_Write_String		CODE           	1A53	0000	70
		_Lcd_Init      		CODE           	1BE8	0000	100
		_Lcd_Write_Char		CODE           	18B9	0000	22
		_Lcd_Cmd       		CODE           	18E6	0000	26
		_Lcd_Set_Cursor		CODE           	1900	0000	32
		_Lcd_Clear     		CODE           	1883	0000	7
		_Lcd_Port      		CODE           	19D1	0000	62

LCD.c estimated size: 319

